\BOOKMARK [0][-]{chapter*.1}{\376\377\000A\000b\000s\000t\000r\000a\000c\000t}{}% 1
\BOOKMARK [0][-]{chapter*.2}{\376\377\000A\000b\000s\000t\000r\000a\000k}{}% 2
\BOOKMARK [0][-]{chapter.1}{\376\377\000I\000N\000T\000R\000O\000D\000U\000C\000T\000I\000O\000N}{}% 3
\BOOKMARK [1][-]{section.1.1}{\376\377\000B\000a\000c\000k\000g\000r\000o\000u\000n\000d\000\040\000o\000f\000\040\000t\000h\000e\000\040\000S\000t\000u\000d\000y}{chapter.1}% 4
\BOOKMARK [1][-]{section.1.2}{\376\377\000O\000b\000j\000e\000c\000t\000i\000v\000e\000s}{chapter.1}% 5
\BOOKMARK [2][-]{subsection.1.2.1}{\376\377\000G\000e\000n\000e\000r\000a\000l\000\040\000O\000b\000j\000e\000c\000t\000i\000v\000e}{section.1.2}% 6
\BOOKMARK [2][-]{subsection.1.2.2}{\376\377\000S\000p\000e\000c\000i\000f\000i\000c\000\040\000O\000b\000j\000e\000c\000t\000i\000v\000e\000s}{section.1.2}% 7
\BOOKMARK [1][-]{section.1.3}{\376\377\000S\000c\000o\000p\000e\000\040\000a\000n\000d\000\040\000L\000i\000m\000i\000t\000a\000t\000i\000o\000n\000s\000\040\000o\000f\000\040\000t\000h\000e\000\040\000S\000t\000u\000d\000y}{chapter.1}% 8
\BOOKMARK [1][-]{section.1.4}{\376\377\000S\000i\000g\000n\000i\000f\000i\000c\000a\000n\000c\000e\000\040\000o\000f\000\040\000t\000h\000e\000\040\000S\000t\000u\000d\000y}{chapter.1}% 9
\BOOKMARK [0][-]{chapter.2}{\376\377\000R\000E\000V\000I\000E\000W\000\040\000O\000F\000\040\000R\000E\000L\000A\000T\000E\000D\000\040\000L\000I\000T\000E\000R\000A\000T\000U\000R\000E\000\040\000A\000N\000D\000\040\000S\000T\000U\000D\000I\000E\000S}{}% 10
\BOOKMARK [1][-]{section.2.1}{\376\377\000P\000h\000i\000l\000i\000p\000p\000i\000n\000e\000\040\000E\000d\000u\000c\000a\000t\000i\000o\000n\000\040\000C\000u\000r\000r\000i\000c\000u\000l\000u\000m}{chapter.2}% 11
\BOOKMARK [2][-]{subsection.2.1.1}{\376\377\000C\000u\000r\000r\000e\000n\000t\000\040\000C\000u\000r\000r\000i\000c\000u\000l\000u\000m\000\040\000o\000f\000\040\000P\000h\000i\000l\000i\000p\000p\000i\000n\000e\000s\000\040\000E\000d\000u\000c\000a\000t\000i\000o\000n}{section.2.1}% 12
\BOOKMARK [2][-]{subsection.2.1.2}{\376\377\000S\000t\000a\000t\000u\000s\000\040\000o\000f\000\040\000t\000h\000e\000\040\000P\000h\000i\000l\000i\000p\000p\000i\000n\000e\000\040\000E\000d\000u\000c\000a\000t\000i\000o\000n}{section.2.1}% 13
\BOOKMARK [2][-]{subsection.2.1.3}{\376\377\000C\000h\000a\000l\000l\000e\000n\000g\000e\000s\000\040\000o\000f\000\040\000R\000e\000s\000o\000u\000r\000c\000e\000\040\000P\000o\000o\000r\000\040\000S\000c\000h\000o\000o\000l\000s}{section.2.1}% 14
\BOOKMARK [1][-]{section.2.2}{\376\377\000C\000h\000e\000m\000i\000s\000t\000r\000y\000\040\000a\000n\000d\000\040\000S\000c\000i\000e\000n\000c\000e\000\040\000E\000d\000u\000c\000a\000t\000i\000o\000n}{chapter.2}% 15
\BOOKMARK [2][-]{subsection.2.2.1}{\376\377\000P\000a\000r\000t\000i\000c\000l\000e\000\040\000M\000o\000d\000e\000l\000s\000\040\000a\000n\000d\000\040\000P\000h\000a\000s\000e\000\040\000T\000r\000a\000n\000s\000i\000t\000i\000o\000n\000s\000\040\000i\000n\000\040\000E\000l\000e\000m\000e\000n\000t\000a\000r\000y\000\040\000L\000e\000a\000r\000n\000i\000n\000g}{section.2.2}% 16
\BOOKMARK [2][-]{subsection.2.2.2}{\376\377\000M\000i\000s\000c\000o\000n\000c\000e\000p\000t\000i\000o\000n\000s\000\040\000i\000n\000\040\000M\000e\000l\000t\000i\000n\000g\000\040\000a\000n\000d\000\040\000F\000r\000e\000e\000z\000i\000n\000g\000\040\000C\000y\000c\000l\000e\000s}{section.2.2}% 17
\BOOKMARK [2][-]{subsection.2.2.3}{\376\377\000R\000e\000m\000e\000d\000i\000a\000t\000i\000o\000n\000\040\000o\000f\000\040\000M\000a\000t\000t\000e\000r\000\040\000M\000i\000s\000c\000o\000n\000c\000e\000p\000t\000i\000o\000n\000s\000\040\000T\000h\000r\000o\000u\000g\000h\000\040\000K\000n\000o\000w\000l\000e\000d\000g\000e\000\040\000R\000e\000v\000i\000s\000i\000o\000n}{section.2.2}% 18
\BOOKMARK [2][-]{subsection.2.2.4}{\376\377\000M\000i\000d\000d\000l\000e\000\040\000S\000c\000h\000o\000o\000l\000\040\000M\000i\000s\000c\000o\000n\000c\000e\000p\000t\000i\000o\000n\000s\000\040\000A\000b\000o\000u\000t\000\040\000M\000a\000t\000t\000e\000r\000\040\000C\000y\000c\000l\000e\000s\000\040\000a\000n\000d\000\040\000C\000o\000n\000s\000e\000r\000v\000a\000t\000i\000o\000n}{section.2.2}% 19
\BOOKMARK [1][-]{section.2.3}{\376\377\000G\000a\000m\000e\000-\000B\000a\000s\000e\000d\000\040\000L\000e\000a\000r\000n\000i\000n\000g}{chapter.2}% 20
\BOOKMARK [2][-]{subsection.2.3.1}{\376\377\000D\000e\000v\000e\000l\000o\000p\000m\000e\000n\000t\000a\000l\000\040\000S\000t\000r\000a\000t\000e\000g\000i\000e\000s\000\040\000o\000f\000\040\000E\000d\000u\000g\000a\000m\000e\000s}{section.2.3}% 21
\BOOKMARK [2][-]{subsection.2.3.2}{\376\377\000E\000f\000f\000e\000c\000t\000i\000v\000e\000n\000e\000s\000s\000\040\000o\000f\000\040\000g\000a\000m\000e\000s\000\040\000i\000n\000\040\000e\000d\000u\000c\000a\000t\000i\000o\000n}{section.2.3}% 22
\BOOKMARK [2][-]{subsection.2.3.3}{\376\377\000G\000a\000m\000e\000-\000B\000a\000s\000e\000d\000\040\000L\000e\000a\000r\000n\000i\000n\000g\000\040\000i\000n\000\040\000t\000h\000e\000\040\000P\000h\000i\000l\000i\000p\000p\000i\000n\000e\000s}{section.2.3}% 23
\BOOKMARK [1][-]{section.2.4}{\376\377\000T\000h\000e\000o\000r\000e\000t\000i\000c\000a\000l\000\040\000F\000r\000a\000m\000e\000w\000o\000r\000k}{chapter.2}% 24
\BOOKMARK [1][-]{section.2.5}{\376\377\000C\000o\000n\000c\000e\000p\000t\000u\000a\000l\000\040\000F\000r\000a\000m\000e\000w\000o\000r\000k}{chapter.2}% 25
\BOOKMARK [2][-]{subsection.2.5.1}{\376\377\000I\000n\000p\000u\000t\000\040\000C\000o\000m\000p\000o\000n\000e\000n\000t}{section.2.5}% 26
\BOOKMARK [2][-]{subsection.2.5.2}{\376\377\000P\000r\000o\000c\000e\000s\000s\000\040\000C\000o\000m\000p\000o\000n\000e\000n\000t}{section.2.5}% 27
\BOOKMARK [2][-]{subsection.2.5.3}{\376\377\000O\000u\000t\000p\000u\000t\000\040\000C\000o\000m\000p\000o\000n\000e\000n\000t}{section.2.5}% 28
\BOOKMARK [0][-]{chapter.3}{\376\377\000R\000E\000S\000E\000A\000R\000C\000H\000\040\000M\000E\000T\000H\000O\000D\000O\000L\000O\000G\000Y}{}% 29
\BOOKMARK [1][-]{section.3.1}{\376\377\000R\000e\000s\000e\000a\000r\000c\000h\000\040\000D\000e\000s\000i\000g\000n}{chapter.3}% 30
\BOOKMARK [1][-]{section.3.2}{\376\377\000D\000e\000v\000e\000l\000o\000p\000m\000e\000n\000t\000\040\000F\000r\000a\000m\000e\000w\000o\000r\000k}{chapter.3}% 31
\BOOKMARK [2][-]{subsection.3.2.1}{\376\377\000I\000t\000e\000r\000a\000t\000i\000v\000e\000\040\000D\000e\000v\000e\000l\000o\000p\000m\000e\000n\000t\000\040\000C\000y\000c\000l\000e\000s}{section.3.2}% 32
\BOOKMARK [1][-]{section.3.3}{\376\377\000P\000a\000r\000t\000i\000c\000i\000p\000a\000n\000t\000s}{chapter.3}% 33
\BOOKMARK [1][-]{section.3.4}{\376\377\000R\000e\000s\000e\000a\000r\000c\000h\000\040\000I\000n\000s\000t\000r\000u\000m\000e\000n\000t\000s}{chapter.3}% 34
\BOOKMARK [2][-]{subsection.3.4.1}{\376\377\000C\000a\000m\000p\000a\000i\000g\000n\000\040\000a\000n\000d\000\040\000R\000e\000g\000r\000e\000s\000s\000i\000o\000n\000\040\000T\000e\000s\000t\000i\000n\000g\000\040\000L\000o\000g\000s}{section.3.4}% 35
\BOOKMARK [2][-]{subsection.3.4.2}{\376\377\000M\000E\000E\000G\000A\000+\000K\000I\000D\000S\000\040\000U\000s\000a\000b\000i\000l\000i\000t\000y\000\040\000a\000n\000d\000\040\000E\000n\000g\000a\000g\000e\000m\000e\000n\000t\000\040\000I\000n\000s\000t\000r\000u\000m\000e\000n\000t}{section.3.4}% 36
\BOOKMARK [2][-]{subsection.3.4.3}{\376\377\000Q\000u\000a\000l\000i\000t\000a\000t\000i\000v\000e\000\040\000F\000e\000e\000d\000b\000a\000c\000k\000\040\000Q\000u\000e\000s\000t\000i\000o\000n\000n\000a\000i\000r\000e}{section.3.4}% 37
\BOOKMARK [1][-]{section.3.5}{\376\377\000D\000a\000t\000a\000\040\000C\000o\000l\000l\000e\000c\000t\000i\000o\000n\000\040\000P\000r\000o\000c\000e\000d\000u\000r\000e}{chapter.3}% 38
\BOOKMARK [2][-]{subsection.3.5.1}{\376\377\000P\000h\000a\000s\000e\000\040\0001\000:\000\040\000I\000t\000e\000r\000a\000t\000i\000v\000e\000\040\000D\000e\000v\000e\000l\000o\000p\000m\000e\000n\000t\000\040\000T\000e\000s\000t\000i\000n\000g}{section.3.5}% 39
\BOOKMARK [2][-]{subsection.3.5.2}{\376\377\000P\000h\000a\000s\000e\000\040\0002\000:\000\040\000F\000i\000n\000a\000l\000\040\000S\000t\000r\000u\000c\000t\000u\000r\000e\000d\000\040\000E\000v\000a\000l\000u\000a\000t\000i\000o\000n}{section.3.5}% 40
\BOOKMARK [1][-]{section.3.6}{\376\377\000D\000a\000t\000a\000\040\000A\000n\000a\000l\000y\000s\000i\000s}{chapter.3}% 41
\BOOKMARK [1][-]{section.3.7}{\376\377\000E\000t\000h\000i\000c\000a\000l\000\040\000C\000o\000n\000s\000i\000d\000e\000r\000a\000t\000i\000o\000n\000s}{chapter.3}% 42
\BOOKMARK [0][-]{chapter.4}{\376\377\000D\000E\000S\000I\000G\000N\000\040\000A\000N\000D\000\040\000I\000M\000P\000L\000E\000M\000E\000N\000T\000A\000T\000I\000O\000N}{}% 43
\BOOKMARK [0][-]{chapter.5}{\376\377\000G\000A\000M\000E\000\040\000S\000Y\000S\000T\000E\000M}{}% 44
\BOOKMARK [1][-]{section.5.1}{\376\377\000S\000o\000f\000t\000w\000a\000r\000e\000\040\000O\000v\000e\000r\000v\000i\000e\000w}{chapter.5}% 45
\BOOKMARK [0][-]{chapter.6}{\376\377\000R\000E\000C\000O\000M\000M\000E\000N\000D\000A\000T\000I\000O\000N\000S}{}% 46
